// Jest Snapshot v1, https://goo.gl/fbAQLP

exports[`Title matches the snapshot 1`] = `
<DocumentFragment>
  <div
    style="text-align: center; color: rgb(255, 255, 240); font-size: 4em; font-family: Amatic SC, sans-serif;"
  >
    <h1>
      Birdseye Checkers
    </h1>
  </div>
</DocumentFragment>
`;
